Creating test database for alias 'default'...
Found 28 test(s).
System check identified some issues:

WARNINGS:
game.Building.building_slot: (fields.W342) Setting unique=True on a ForeignKey has the same effect as using a OneToOneField.
	HINT: ForeignKey(unique=True) is usually better served by a OneToOneField.

System check identified 1 issue (0 silenced).
............................
----------------------------------------------------------------------
Ran 28 tests in 5.092s

OK
Destroying test database for alias 'default'...
DEBUG add_new_player_to_game: player_count=0 faction_count=3
DEBUG add_new_player_to_game: player_count=1 faction_count=3
DEBUG add_new_player_to_game: player_count=2 faction_count=3
dice rolled: 0, 0
DEBUG add_new_player_to_game: player_count=0 faction_count=3
DEBUG add_new_player_to_game: player_count=1 faction_count=3
DEBUG add_new_player_to_game: player_count=2 faction_count=3
DEBUG add_new_player_to_game: player_count=0 faction_count=3
DEBUG add_new_player_to_game: player_count=1 faction_count=3
DEBUG add_new_player_to_game: player_count=2 faction_count=3
DEBUG add_new_player_to_game: player_count=0 faction_count=3
DEBUG add_new_player_to_game: player_count=1 faction_count=3
DEBUG add_new_player_to_game: player_count=2 faction_count=3
DEBUG add_new_player_to_game: player_count=0 faction_count=3
DEBUG add_new_player_to_game: player_count=1 faction_count=3
DEBUG add_new_player_to_game: player_count=2 faction_count=3
DEBUG add_new_player_to_game: player_count=0 faction_count=3
DEBUG add_new_player_to_game: player_count=1 faction_count=3
DEBUG add_new_player_to_game: player_count=2 faction_count=3
dice rolled: 0, 0
DEBUG add_new_player_to_game: player_count=0 faction_count=3
DEBUG add_new_player_to_game: player_count=1 faction_count=3
DEBUG add_new_player_to_game: player_count=2 faction_count=3
DEBUG add_new_player_to_game: player_count=0 faction_count=3
DEBUG add_new_player_to_game: player_count=1 faction_count=3
DEBUG add_new_player_to_game: player_count=2 faction_count=3
DEBUG add_new_player_to_game: player_count=0 faction_count=3
DEBUG add_new_player_to_game: player_count=1 faction_count=3
DEBUG add_new_player_to_game: player_count=2 faction_count=3
dice rolled: 2, 3
DEBUG add_new_player_to_game: player_count=0 faction_count=3
DEBUG add_new_player_to_game: player_count=1 faction_count=3
DEBUG add_new_player_to_game: player_count=2 faction_count=3
dice rolled: 0, 0
DEBUG add_new_player_to_game: player_count=0 faction_count=3
DEBUG add_new_player_to_game: player_count=1 faction_count=3
DEBUG add_new_player_to_game: player_count=2 faction_count=3
dice rolled: 0, 0
DEBUG add_new_player_to_game: player_count=0 faction_count=3
DEBUG add_new_player_to_game: player_count=1 faction_count=3
DEBUG add_new_player_to_game: player_count=2 faction_count=3
dice rolled: 2, 3
DEBUG add_new_player_to_game: player_count=0 faction_count=3
DEBUG add_new_player_to_game: player_count=1 faction_count=3
DEBUG add_new_player_to_game: player_count=2 faction_count=3
dice rolled: 0, 0
DEBUG add_new_player_to_game: player_count=0 faction_count=3
DEBUG add_new_player_to_game: player_count=1 faction_count=3
DEBUG add_new_player_to_game: player_count=2 faction_count=3
dice rolled: 0, 0
DEBUG add_new_player_to_game: player_count=0 faction_count=3
DEBUG add_new_player_to_game: player_count=1 faction_count=3
DEBUG add_new_player_to_game: player_count=2 faction_count=3
DEBUG add_new_player_to_game: player_count=0 faction_count=3
DEBUG add_new_player_to_game: player_count=1 faction_count=3
DEBUG add_new_player_to_game: player_count=2 faction_count=3
DEBUG add_new_player_to_game: player_count=0 faction_count=3
DEBUG add_new_player_to_game: player_count=1 faction_count=3
DEBUG add_new_player_to_game: player_count=2 faction_count=3
DEBUG add_new_player_to_game: player_count=0 faction_count=3
DEBUG add_new_player_to_game: player_count=1 faction_count=3
DEBUG add_new_player_to_game: player_count=2 faction_count=3
dice rolled: 3, 1
DEBUG add_new_player_to_game: player_count=0 faction_count=3
DEBUG add_new_player_to_game: player_count=1 faction_count=3
DEBUG add_new_player_to_game: player_count=2 faction_count=3
dice rolled: 3, 2
DEBUG add_new_player_to_game: player_count=0 faction_count=3
DEBUG add_new_player_to_game: player_count=1 faction_count=3
DEBUG add_new_player_to_game: player_count=2 faction_count=3
DEBUG add_new_player_to_game: player_count=0 faction_count=3
DEBUG add_new_player_to_game: player_count=1 faction_count=3
DEBUG add_new_player_to_game: player_count=2 faction_count=3
DEBUG add_new_player_to_game: player_count=0 faction_count=3
DEBUG add_new_player_to_game: player_count=1 faction_count=3
DEBUG add_new_player_to_game: player_count=2 faction_count=3
DEBUG add_new_player_to_game: player_count=0 faction_count=3
DEBUG add_new_player_to_game: player_count=1 faction_count=3
DEBUG add_new_player_to_game: player_count=2 faction_count=3
dice rolled: 1, 1
DEBUG add_new_player_to_game: player_count=0 faction_count=3
DEBUG add_new_player_to_game: player_count=1 faction_count=3
DEBUG add_new_player_to_game: player_count=2 faction_count=3
dice rolled: 3, 1
DEBUG add_new_player_to_game: player_count=0 faction_count=3
DEBUG add_new_player_to_game: player_count=1 faction_count=3
DEBUG add_new_player_to_game: player_count=2 faction_count=3
dice rolled: 3, 2
DEBUG add_new_player_to_game: player_count=0 faction_count=3
DEBUG add_new_player_to_game: player_count=1 faction_count=3
DEBUG add_new_player_to_game: player_count=2 faction_count=3
dice rolled: 3, 2
DEBUG add_new_player_to_game: player_count=0 faction_count=3
DEBUG add_new_player_to_game: player_count=1 faction_count=3
DEBUG add_new_player_to_game: player_count=2 faction_count=3
dice rolled: 2, 0
DEBUG add_new_player_to_game: player_count=0 faction_count=3
DEBUG add_new_player_to_game: player_count=1 faction_count=3
DEBUG add_new_player_to_game: player_count=2 faction_count=3
dice rolled: 3, 1
